// Jest Snapshot v1, https://goo.gl/fbAQLP

exports[`paths should prepare asset data from url and dirs 1`] = `
Object {
  "absolutePath": "/project/css/imported/sprite/some-image.png",
  "hash": "#23",
  "originUrl": "./sprite/some-image.png?test=1#23",
  "pathname": "./sprite/some-image.png",
  "relativePath": "./imported/sprite/some-image.png",
  "search": "?test=1",
  "url": "./sprite/some-image.png?test=1#23",
}
`;
