// Jest Snapshot v1, https://goo.gl/fbAQLP

exports[`misc should add dependency messages with copy 1`] = `
Array [
  Object {
    "file": "/Users/sebastian/Workspace/sebastian-software/postcss-smart-asset/test/fixtures/imported/pixel.png",
    "parent": "/Users/sebastian/Workspace/sebastian-software/postcss-smart-asset/test/fixtures/copy.css",
    "type": "dependency",
  },
  Object {
    "file": "/Users/sebastian/Workspace/sebastian-software/postcss-smart-asset/test/fixtures/pixel.gif",
    "parent": "/Users/sebastian/Workspace/sebastian-software/postcss-smart-asset/test/fixtures/copy.css",
    "type": "dependency",
  },
]
`;

exports[`misc should add dependency messages with inline 1`] = `
Array [
  Object {
    "file": "/Users/sebastian/Workspace/sebastian-software/postcss-smart-asset/test/fixtures/imported/pixel.png",
    "parent": "/Users/sebastian/Workspace/sebastian-software/postcss-smart-asset/test/fixtures/copy.css",
    "type": "dependency",
  },
  Object {
    "file": "/Users/sebastian/Workspace/sebastian-software/postcss-smart-asset/test/fixtures/pixel.gif",
    "parent": "/Users/sebastian/Workspace/sebastian-software/postcss-smart-asset/test/fixtures/copy.css",
    "type": "dependency",
  },
]
`;
